execve("./server", ["./server", "-F"], 0x7ffdb264bed8 /* 33 vars */) = 0
brk(NULL)                               = 0x584f615a3000
mmap(NULL, 8192, PROT_READ|PROT_WRITE, MAP_PRIVATE|MAP_ANONYMOUS, -1, 0) = 0x7d206bd93000
access("/etc/ld.so.preload", R_OK)      = -1 ENOENT (没有那个文件或目录)
openat(AT_FDCWD, "/etc/ld.so.cache", O_RDONLY|O_CLOEXEC) = 3
fstat(3, {st_mode=S_IFREG|0644, st_size=67219, ...}) = 0
mmap(NULL, 67219, PROT_READ, MAP_PRIVATE, 3, 0) = 0x7d206bd82000
close(3)                                = 0
openat(AT_FDCWD, "/lib/x86_64-linux-gnu/libc.so.6", O_RDONLY|O_CLOEXEC) = 3
read(3, "\177ELF\2\1\1\3\0\0\0\0\0\0\0\0\3\0>\0\1\0\0\0\220\243\2\0\0\0\0\0"..., 832) = 832
pread64(3, "\6\0\0\0\4\0\0\0@\0\0\0\0\0\0\0@\0\0\0\0\0\0\0@\0\0\0\0\0\0\0"..., 784, 64) = 784
fstat(3, {st_mode=S_IFREG|0755, st_size=2125328, ...}) = 0
pread64(3, "\6\0\0\0\4\0\0\0@\0\0\0\0\0\0\0@\0\0\0\0\0\0\0@\0\0\0\0\0\0\0"..., 784, 64) = 784
mmap(NULL, 2170256, PROT_READ, MAP_PRIVATE|MAP_DENYWRITE, 3, 0) = 0x7d206ba00000
mmap(0x7d206ba28000, 1605632, PROT_READ|PROT_EXEC, MAP_PRIVATE|MAP_FIXED|MAP_DENYWRITE, 3, 0x28000) = 0x7d206ba28000
mmap(0x7d206bbb0000, 323584, PROT_READ, MAP_PRIVATE|MAP_FIXED|MAP_DENYWRITE, 3, 0x1b0000) = 0x7d206bbb0000
mmap(0x7d206bbff000, 24576, PROT_READ|PROT_WRITE, MAP_PRIVATE|MAP_FIXED|MAP_DENYWRITE, 3, 0x1fe000) = 0x7d206bbff000
mmap(0x7d206bc05000, 52624, PROT_READ|PROT_WRITE, MAP_PRIVATE|MAP_FIXED|MAP_ANONYMOUS, -1, 0) = 0x7d206bc05000
close(3)                                = 0
mmap(NULL, 12288, PROT_READ|PROT_WRITE, MAP_PRIVATE|MAP_ANONYMOUS, -1, 0) = 0x7d206bd7f000
arch_prctl(ARCH_SET_FS, 0x7d206bd7f740) = 0
set_tid_address(0x7d206bd7fa10)         = 7258
set_robust_list(0x7d206bd7fa20, 24)     = 0
rseq(0x7d206bd80060, 0x20, 0, 0x53053053) = 0
mprotect(0x7d206bbff000, 16384, PROT_READ) = 0
mprotect(0x584f2cc0a000, 4096, PROT_READ) = 0
mprotect(0x7d206bdd3000, 8192, PROT_READ) = 0
prlimit64(0, RLIMIT_STACK, NULL, {rlim_cur=8192*1024, rlim_max=RLIM64_INFINITY}) = 0
munmap(0x7d206bd82000, 67219)           = 0
rt_sigaction(SIGTERM, {sa_handler=0x584f2cc0690e, sa_mask=[INT QUIT TERM], sa_flags=SA_RESTORER|SA_ONSTACK|SA_INTERRUPT|SA_NODEFER|0x3dbdaf0, sa_restorer=0x7d206ba45330}, NULL, 8) = 0
rt_sigaction(SIGINT, {sa_handler=0x584f2cc0690e, sa_mask=[INT QUIT TERM], sa_flags=SA_RESTORER|SA_ONSTACK|SA_INTERRUPT|SA_NODEFER|0x3dbdaf0, sa_restorer=0x7d206ba45330}, NULL, 8) = 0
rt_sigaction(SIGQUIT, {sa_handler=0x584f2cc0690e, sa_mask=[INT QUIT TERM], sa_flags=SA_RESTORER|SA_ONSTACK|SA_INTERRUPT|SA_NODEFER|0x3dbdaf0, sa_restorer=0x7d206ba45330}, NULL, 8) = 0
socket(AF_INET6, SOCK_DGRAM, IPPROTO_IP) = 3
socket(AF_UNIX, SOCK_DGRAM|SOCK_CLOEXEC, 0) = 4
ioctl(4, SIOCGIFINDEX, {ifr_name="ens33", ifr_ifindex=2}) = 0
close(4)                                = 0
socket(AF_UNIX, SOCK_DGRAM|SOCK_CLOEXEC, 0) = 4
ioctl(4, SIOCGIFINDEX, {ifr_name="ens33", ifr_ifindex=2}) = 0
close(4)                                = 0
setsockopt(3, SOL_IPV6, IPV6_MULTICAST_IF, [2], 4) = 0
setsockopt(3, SOL_IPV6, IPV6_ADD_MEMBERSHIP, {inet_pton(AF_INET6, "ff15::1", &ipv6mr_multiaddr), ipv6mr_interface=if_nametoindex("ens33")}, 20) = 0
openat(AT_FDCWD, "/var/media/", O_RDONLY|O_NONBLOCK|O_CLOEXEC|O_DIRECTORY) = 4
fstat(4, {st_mode=S_IFDIR|0755, st_size=4096, ...}) = 0
getrandom("\x0c\x0b\x92\x37\x1c\xd5\x02\xda", 8, GRND_NONBLOCK) = 8
brk(NULL)                               = 0x584f615a3000
brk(0x584f615c4000)                     = 0x584f615c4000
getdents64(4, 0x584f615a32d0 /* 2 entries */, 32768) = 48
getdents64(4, 0x584f615a32d0 /* 0 entries */, 32768) = 0
close(4)                                = 0
getpid()                                = 7258
openat(AT_FDCWD, "/etc/localtime", O_RDONLY|O_CLOEXEC) = 4
fstat(4, {st_mode=S_IFREG|0644, st_size=561, ...}) = 0
fstat(4, {st_mode=S_IFREG|0644, st_size=561, ...}) = 0
read(4, "TZif2\0\0\0\0\0\0\0\0\0\0\0\0\0\0\0\0\0\0\0\0\0\0\0\0\0\0\0"..., 4096) = 561
lseek(4, -342, SEEK_CUR)                = 219
read(4, "TZif2\0\0\0\0\0\0\0\0\0\0\0\0\0\0\0\0\0\0\0\0\0\0\0\0\0\0\0"..., 4096) = 342
close(4)                                = 0
write(2, "netradio[7258]: mlib_getchnlist("..., 42) = 42
socket(AF_UNIX, SOCK_DGRAM|SOCK_CLOEXEC, 0) = 4
connect(4, {sa_family=AF_UNIX, sun_path="/dev/log"}, 110) = 0
sendto(4, "<27>May  8 11:53:20 netradio[725"..., 61, MSG_NOSIGNAL, NULL, 0) = 61
exit_group(1)                           = ?
+++ exited with 1 +++
